// Jest Snapshot v1, https://goo.gl/fbAQLP

exports[`renders correctly 1`] = `
<div
  className="App"
>
  <header
    className="App-header"
  >
    <h1
      className="nextTrip_title"
    >
      NexTrip
    </h1>
  </header>
  <main>
    <div
      className="MuiContainer-root MuiContainer-maxWidth1140px css-1itnxbn-MuiContainer-root"
    >
      <div
        className="MuiTypography-root MuiTypography-h4 MuiTypography-gutterBottom css-1b8vvdz-MuiTypography-root"
      >
        Real-time Departures
      </div>
      <div
        className="MuiBox-root css-1kax7eu"
      >
        <a
          aria-current="page"
          className="nextrip-tab active"
          href="/route"
          onClick={[Function]}
        >
          By route
        </a>
        <a
          className="nextrip-tab"
          href="/stop"
          onClick={[Function]}
        >
          By stop #
        </a>
      </div>
      <div
        className="MuiBox-root css-8fkoyy"
      >
        <div
          className="MuiContainer-root MuiContainer-maxWidthSm css-cuefkz-MuiContainer-root"
        >
          <div
            className="MuiFormControl-root MuiFormControl-fullWidth css-1pkfvy1-MuiFormControl-root"
          >
            <label
              className="MuiInputLabel-root MuiInputLabel-formControl MuiInputLabel-animated MuiInputLabel-outlined MuiFormLabel-root MuiFormLabel-colorPrimary css-14s5rfu-MuiFormLabel-root-MuiInputLabel-root"
              data-shrink={false}
              id="route-select-label"
            >
              Select route
            </label>
            <div
              className="MuiOutlinedInput-root MuiInputBase-root MuiInputBase-colorPrimary MuiInputBase-formControl css-9ddj71-MuiInputBase-root-MuiOutlinedInput-root"
              data-testid="route"
              onClick={[Function]}
              variant="outlined"
            >
              <div
                aria-expanded="false"
                aria-haspopup="listbox"
                aria-labelledby="route route-select"
                className="MuiSelect-select MuiSelect-outlined MuiOutlinedInput-input MuiInputBase-input css-11u53oe-MuiSelect-select-MuiInputBase-input-MuiOutlinedInput-input"
                id="route-select"
                onBlur={[Function]}
                onFocus={[Function]}
                onKeyDown={[Function]}
                onMouseDown={[Function]}
                role="button"
                tabIndex={0}
              >
                <span
                  className="notranslate"
                >
                  â€‹
                </span>
              </div>
              <input
                aria-hidden={true}
                className="MuiSelect-nativeInput css-yf8vq0-MuiSelect-nativeInput"
                disabled={false}
                name="route"
                onAnimationStart={[Function]}
                onChange={[Function]}
                required={false}
                tabIndex={-1}
                value=""
              />
              <svg
                aria-hidden={true}
                className="MuiSvgIcon-root MuiSvgIcon-fontSizeMedium MuiSelect-icon MuiSelect-iconOutlined css-hfutr2-MuiSvgIcon-root-MuiSelect-icon"
                data-testid="ArrowDropDownIcon"
                focusable="false"
                viewBox="0 0 24 24"
              >
                <path
                  d="M7 10l5 5 5-5z"
                />
              </svg>
              <fieldset
                aria-hidden={true}
                className="MuiOutlinedInput-notchedOutline css-1d3z3hw-MuiOutlinedInput-notchedOutline"
              >
                <legend
                  className="css-1ftyaf0"
                >
                  <span>
                    Select route
                  </span>
                </legend>
              </fieldset>
            </div>
          </div>
        </div>
      </div>
    </div>
  </main>
</div>
`;
